---
source: crates/top/re_sdk/src/recording_stream.rs
expression: DisplayDescrs(chunk)
snapshot_kind: text
---
[
    "example.MyPoints:colors",
    "example.MyPoints:labels",
    "example.MyPoints:points",
]
