---
source: crates/viewer/re_blueprint_tree/tests/view_structure_test.rs
expression: blueprint_tree_data
---
root_container: ~
