---
source: tests/rust/re_integration_test/tests/re_integration.rs
expression: test_output
---
All datasets: []
Creating dataset 'my_dataset'…
┌────────────────────┬───────────────────────┬──────────────────────┬────────────────────────────┐
│ rerun_partition_id ┆ test_time             ┆ log_tick             ┆ /scalar:Scalars:scalars    │
│ ---                ┆ ---                   ┆ ---                  ┆ ---                        │
│ type: Utf8         ┆ type: i64             ┆ type: i64            ┆ type: List[nullable f64]   │
│                    ┆ index_name: test_time ┆ index_name: log_tick ┆ archetype: Scalars         │
│                    ┆ kind: index           ┆ kind: index          ┆ component: Scalars:scalars │
│                    ┆                       ┆                      ┆ component_type: Scalar     │
│                    ┆                       ┆                      ┆ entity_path: /scalar       │
│                    ┆                       ┆                      ┆ kind: data                 │
╞════════════════════╪═══════════════════════╪══════════════════════╪════════════════════════════╡
│ new_recording_id   ┆ 0                     ┆ 0                    ┆ [0.0]                      │
├╌╌╌╌╌╌╌╌╌╌╌╌╌╌╌╌╌╌╌╌┼╌╌╌╌╌╌╌╌╌╌╌╌╌╌╌╌╌╌╌╌╌╌╌┼╌╌╌╌╌╌╌╌╌╌╌╌╌╌╌╌╌╌╌╌╌╌┼╌╌╌╌╌╌╌╌╌╌╌╌╌╌╌╌╌╌╌╌╌╌╌╌╌╌╌╌┤
│ new_recording_id   ┆ 1                     ┆ 1                    ┆ [1.0]                      │
├╌╌╌╌╌╌╌╌╌╌╌╌╌╌╌╌╌╌╌╌┼╌╌╌╌╌╌╌╌╌╌╌╌╌╌╌╌╌╌╌╌╌╌╌┼╌╌╌╌╌╌╌╌╌╌╌╌╌╌╌╌╌╌╌╌╌╌┼╌╌╌╌╌╌╌╌╌╌╌╌╌╌╌╌╌╌╌╌╌╌╌╌╌╌╌╌┤
│ new_recording_id   ┆ 2                     ┆ 2                    ┆ [2.0]                      │
├╌╌╌╌╌╌╌╌╌╌╌╌╌╌╌╌╌╌╌╌┼╌╌╌╌╌╌╌╌╌╌╌╌╌╌╌╌╌╌╌╌╌╌╌┼╌╌╌╌╌╌╌╌╌╌╌╌╌╌╌╌╌╌╌╌╌╌┼╌╌╌╌╌╌╌╌╌╌╌╌╌╌╌╌╌╌╌╌╌╌╌╌╌╌╌╌┤
│ new_recording_id   ┆ 3                     ┆ 3                    ┆ [3.0]                      │
├╌╌╌╌╌╌╌╌╌╌╌╌╌╌╌╌╌╌╌╌┼╌╌╌╌╌╌╌╌╌╌╌╌╌╌╌╌╌╌╌╌╌╌╌┼╌╌╌╌╌╌╌╌╌╌╌╌╌╌╌╌╌╌╌╌╌╌┼╌╌╌╌╌╌╌╌╌╌╌╌╌╌╌╌╌╌╌╌╌╌╌╌╌╌╌╌┤
│ new_recording_id   ┆ 4                     ┆ 4                    ┆ [4.0]                      │
├╌╌╌╌╌╌╌╌╌╌╌╌╌╌╌╌╌╌╌╌┼╌╌╌╌╌╌╌╌╌╌╌╌╌╌╌╌╌╌╌╌╌╌╌┼╌╌╌╌╌╌╌╌╌╌╌╌╌╌╌╌╌╌╌╌╌╌┼╌╌╌╌╌╌╌╌╌╌╌╌╌╌╌╌╌╌╌╌╌╌╌╌╌╌╌╌┤
│ new_recording_id   ┆ 5                     ┆ 5                    ┆ [5.0]                      │
├╌╌╌╌╌╌╌╌╌╌╌╌╌╌╌╌╌╌╌╌┼╌╌╌╌╌╌╌╌╌╌╌╌╌╌╌╌╌╌╌╌╌╌╌┼╌╌╌╌╌╌╌╌╌╌╌╌╌╌╌╌╌╌╌╌╌╌┼╌╌╌╌╌╌╌╌╌╌╌╌╌╌╌╌╌╌╌╌╌╌╌╌╌╌╌╌┤
│ new_recording_id   ┆ 6                     ┆ 6                    ┆ [6.0]                      │
├╌╌╌╌╌╌╌╌╌╌╌╌╌╌╌╌╌╌╌╌┼╌╌╌╌╌╌╌╌╌╌╌╌╌╌╌╌╌╌╌╌╌╌╌┼╌╌╌╌╌╌╌╌╌╌╌╌╌╌╌╌╌╌╌╌╌╌┼╌╌╌╌╌╌╌╌╌╌╌╌╌╌╌╌╌╌╌╌╌╌╌╌╌╌╌╌┤
│ new_recording_id   ┆ 7                     ┆ 7                    ┆ [7.0]                      │
├╌╌╌╌╌╌╌╌╌╌╌╌╌╌╌╌╌╌╌╌┼╌╌╌╌╌╌╌╌╌╌╌╌╌╌╌╌╌╌╌╌╌╌╌┼╌╌╌╌╌╌╌╌╌╌╌╌╌╌╌╌╌╌╌╌╌╌┼╌╌╌╌╌╌╌╌╌╌╌╌╌╌╌╌╌╌╌╌╌╌╌╌╌╌╌╌┤
│ new_recording_id   ┆ 8                     ┆ 8                    ┆ [8.0]                      │
├╌╌╌╌╌╌╌╌╌╌╌╌╌╌╌╌╌╌╌╌┼╌╌╌╌╌╌╌╌╌╌╌╌╌╌╌╌╌╌╌╌╌╌╌┼╌╌╌╌╌╌╌╌╌╌╌╌╌╌╌╌╌╌╌╌╌╌┼╌╌╌╌╌╌╌╌╌╌╌╌╌╌╌╌╌╌╌╌╌╌╌╌╌╌╌╌┤
│ new_recording_id   ┆ 9                     ┆ 9                    ┆ [9.0]                      │
└────────────────────┴───────────────────────┴──────────────────────┴────────────────────────────┘
Data truncated due to size.
