---
source: crates/re_int_histogram/tests/memory_test.rs
assertion_line: 74
expression: "[format!(\"{:.1} B/entry, dense\", bytes_per_element(N, 1)),\n        format!(\"{:.1} B/entry, sparseness: 1M\",\n            bytes_per_element(N, 1_000_000)),\n        format!(\"{:.1} B/entry, sparseness: 2M\",\n            bytes_per_element(N, 2_000_000)),\n        format!(\"{:.1} B/entry, sparseness: 3M\",\n            bytes_per_element(N, 3_000_000)),\n        format!(\"{:.1} B/entry, sparseness: 5M\",\n            bytes_per_element(N, 5_000_000)),\n        format!(\"{:.1} B/entry, sparseness: 8M\",\n            bytes_per_element(N, 8_000_000)),\n        format!(\"{:.1} B/entry, sparseness: 13M\",\n            bytes_per_element(N, 13_000_000))]"
---
[
    "26.3 B/entry, dense",
    "26.3 B/entry, sparseness: 1M",
    "26.3 B/entry, sparseness: 2M",
    "26.3 B/entry, sparseness: 3M",
    "26.3 B/entry, sparseness: 5M",
    "26.3 B/entry, sparseness: 8M",
    "26.3 B/entry, sparseness: 13M",
]
