---
source: crates/re_int_histogram/tests/memory_test.rs
assertion_line: 93
expression: "sparse_bytes_per_element(1_000_000, 1_000_000)"
---
146.485296
