---
source: crates/viewer/re_component_fallbacks/tests/all_component_fallbacks.rs
expression: arch_display
---
data: [{shape: [], names: null, buffer: {U8=[]}}]
value_range: [[0.0, 1.0]]
