---
source: crates/viewer/re_component_fallbacks/tests/all_component_fallbacks.rs
expression: arch_display
---
mag_filter: [1]
colormap: [5]
gamma: [1.0]
