---
source: crates/viewer/re_component_fallbacks/tests/all_component_fallbacks.rs
expression: arch_display
---
state: [3]
timeline: [log_time]
time: [0]
playback_speed: [0.0]
fps: [0.0]
