---
source: crates/viewer/re_component_fallbacks/tests/all_component_fallbacks.rs
expression: arch_display
---
enabled: [false]
distance: [60.0]
iterations: [0]
