---
source: crates/viewer/re_blueprint_tree/tests/view_structure_test.rs
expression: blueprint_tree_data
snapshot_kind: text
---
root_container:
  name:
    Placeholder: Grid
  kind: Grid
  visible: true
  default_open: true
  children:
    - View:
        class_identifier: 3D
        name:
          Placeholder: wrong/path
        visible: true
        default_open: true
        origin_tree:
          kind: EmptyOriginPlaceholder
          entity_path:
            - wrong
            - path
          visible: false
          label: path
          highlight_sections: []
          default_open: false
          children: []
        projection_trees: []
