---
source: crates/store/re_redap_tests/src/tests/query_dataset.rs
expression: filtered_chunk_info.format_snapshot(false)
---
┌──────────────────────────────────┬────────────────────┬───────────────────────┬───────────────────┬─────────────────┐
│ chunk_id                         ┆ chunk_partition_id ┆ rerun_partition_layer ┆ chunk_entity_path ┆ chunk_is_static │
╞══════════════════════════════════╪════════════════════╪═══════════════════════╪═══════════════════╪═════════════════╡
│ 00000000000000010000000000000001 ┆ my_partition_id1   ┆ base                  ┆ /my/entity        ┆ false           │
├╌╌╌╌╌╌╌╌╌╌╌╌╌╌╌╌╌╌╌╌╌╌╌╌╌╌╌╌╌╌╌╌╌╌┼╌╌╌╌╌╌╌╌╌╌╌╌╌╌╌╌╌╌╌╌┼╌╌╌╌╌╌╌╌╌╌╌╌╌╌╌╌╌╌╌╌╌╌╌┼╌╌╌╌╌╌╌╌╌╌╌╌╌╌╌╌╌╌╌┼╌╌╌╌╌╌╌╌╌╌╌╌╌╌╌╌╌┤
│ 00000000000000010000000000000002 ┆ my_partition_id1   ┆ base                  ┆ /my/entity        ┆ true            │
├╌╌╌╌╌╌╌╌╌╌╌╌╌╌╌╌╌╌╌╌╌╌╌╌╌╌╌╌╌╌╌╌╌╌┼╌╌╌╌╌╌╌╌╌╌╌╌╌╌╌╌╌╌╌╌┼╌╌╌╌╌╌╌╌╌╌╌╌╌╌╌╌╌╌╌╌╌╌╌┼╌╌╌╌╌╌╌╌╌╌╌╌╌╌╌╌╌╌╌┼╌╌╌╌╌╌╌╌╌╌╌╌╌╌╌╌╌┤
│ 00000000000000020000000000000001 ┆ my_partition_id2   ┆ base                  ┆ /my/entity        ┆ false           │
├╌╌╌╌╌╌╌╌╌╌╌╌╌╌╌╌╌╌╌╌╌╌╌╌╌╌╌╌╌╌╌╌╌╌┼╌╌╌╌╌╌╌╌╌╌╌╌╌╌╌╌╌╌╌╌┼╌╌╌╌╌╌╌╌╌╌╌╌╌╌╌╌╌╌╌╌╌╌╌┼╌╌╌╌╌╌╌╌╌╌╌╌╌╌╌╌╌╌╌┼╌╌╌╌╌╌╌╌╌╌╌╌╌╌╌╌╌┤
│ 00000000000000020000000000000002 ┆ my_partition_id2   ┆ base                  ┆ /my/entity        ┆ true            │
├╌╌╌╌╌╌╌╌╌╌╌╌╌╌╌╌╌╌╌╌╌╌╌╌╌╌╌╌╌╌╌╌╌╌┼╌╌╌╌╌╌╌╌╌╌╌╌╌╌╌╌╌╌╌╌┼╌╌╌╌╌╌╌╌╌╌╌╌╌╌╌╌╌╌╌╌╌╌╌┼╌╌╌╌╌╌╌╌╌╌╌╌╌╌╌╌╌╌╌┼╌╌╌╌╌╌╌╌╌╌╌╌╌╌╌╌╌┤
│ 00000000000000030000000000000001 ┆ my_partition_id3   ┆ base                  ┆ /my/entity        ┆ false           │
├╌╌╌╌╌╌╌╌╌╌╌╌╌╌╌╌╌╌╌╌╌╌╌╌╌╌╌╌╌╌╌╌╌╌┼╌╌╌╌╌╌╌╌╌╌╌╌╌╌╌╌╌╌╌╌┼╌╌╌╌╌╌╌╌╌╌╌╌╌╌╌╌╌╌╌╌╌╌╌┼╌╌╌╌╌╌╌╌╌╌╌╌╌╌╌╌╌╌╌┼╌╌╌╌╌╌╌╌╌╌╌╌╌╌╌╌╌┤
│ 00000000000000030000000000000002 ┆ my_partition_id3   ┆ base                  ┆ /my/entity        ┆ true            │
└──────────────────────────────────┴────────────────────┴───────────────────────┴───────────────────┴─────────────────┘
