---
source: crates/store/re_redap_tests/src/tests/register_partition.rs
expression: filtered_batch.format_snapshot(false)
---
┌────────────────────┬───────────────────┬──────────────────┬────────────────────────────────────┬────────────────────────────────┐
│ rerun_partition_id ┆ rerun_layer_names ┆ rerun_num_chunks ┆ property:points:Points2D:positions ┆ property:text_log:TextLog:text │
╞════════════════════╪═══════════════════╪══════════════════╪════════════════════════════════════╪════════════════════════════════╡
│ my_partition_id1   ┆ [base, props]     ┆ 5                ┆ null                               ┆ [i'm partition 1]              │
├╌╌╌╌╌╌╌╌╌╌╌╌╌╌╌╌╌╌╌╌┼╌╌╌╌╌╌╌╌╌╌╌╌╌╌╌╌╌╌╌┼╌╌╌╌╌╌╌╌╌╌╌╌╌╌╌╌╌╌┼╌╌╌╌╌╌╌╌╌╌╌╌╌╌╌╌╌╌╌╌╌╌╌╌╌╌╌╌╌╌╌╌╌╌╌╌┼╌╌╌╌╌╌╌╌╌╌╌╌╌╌╌╌╌╌╌╌╌╌╌╌╌╌╌╌╌╌╌╌┤
│ my_partition_id2   ┆ [base, props]     ┆ 4                ┆ [[0.0, 1.0]]                       ┆ [i'm partition 2]              │
├╌╌╌╌╌╌╌╌╌╌╌╌╌╌╌╌╌╌╌╌┼╌╌╌╌╌╌╌╌╌╌╌╌╌╌╌╌╌╌╌┼╌╌╌╌╌╌╌╌╌╌╌╌╌╌╌╌╌╌┼╌╌╌╌╌╌╌╌╌╌╌╌╌╌╌╌╌╌╌╌╌╌╌╌╌╌╌╌╌╌╌╌╌╌╌╌┼╌╌╌╌╌╌╌╌╌╌╌╌╌╌╌╌╌╌╌╌╌╌╌╌╌╌╌╌╌╌╌╌┤
│ my_partition_id3   ┆ [base]            ┆ 6                ┆ null                               ┆ null                           │
└────────────────────┴───────────────────┴──────────────────┴────────────────────────────────────┴────────────────────────────────┘
