---
source: crates/viewer/re_dataframe_ui/tests/filter_tests.rs
expression: test_results
---
TestResult {
    op: Timestamp(
        TimestampFilter {
            kind: Between,
            low_bound_timestamp: EditableTimestamp {
                timestamp_string: None,
                resolved_timestamp: Ok(
                    2025-09-16T11:47:00Z,
                ),
            },
            high_bound_timestamp: EditableTimestamp {
                timestamp_string: None,
                resolved_timestamp: Ok(
                    2025-09-23T09:47:00Z,
                ),
            },
        },
    ),
    field: Field {
        name: "column",
        data_type: Timestamp(
            Microsecond,
            None,
        ),
        nullable: true,
        dict_id: 0,
        dict_is_ordered: false,
        metadata: {},
    },
    unfiltered: PrimitiveArray<Timestamp(Microsecond, None)>
    [
      2025-09-23T11:47:00,
      2025-09-23T10:47:00,
      2025-09-22T11:47:00,
      2024-09-23T11:47:00,
      null,
      2025-09-23T12:47:00,
      2025-09-24T11:47:00,
      null,
      2026-09-23T11:47:00,
    ],
    filtered: PrimitiveArray<Timestamp(Microsecond, None)>
    [
      2025-09-22T11:47:00,
    ],
}
