---
source: crates/viewer/re_dataframe_ui/tests/filter_tests.rs
expression: test_results
---
TestResult {
    op: String(
        StringFilter {
            operator: StartsWith,
            query: "ab",
        },
    ),
    field: Field {
        name: "column",
        data_type: List(
            Field {
                name: "item",
                data_type: Utf8,
                nullable: false,
                dict_id: 0,
                dict_is_ordered: false,
                metadata: {},
            },
        ),
        nullable: false,
        dict_id: 0,
        dict_is_ordered: false,
        metadata: {},
    },
    unfiltered: ListArray
    [
      StringArray
    [
      "hello_ab",
      "a",
    ],
      StringArray
    [
      "b",
      "c",
    ],
      StringArray
    [
      "ab",
      "A B",
    ],
    ],
    filtered: ListArray
    [
      StringArray
    [
      "ab",
      "A B",
    ],
    ],
}
