---
source: crates/viewer/re_dataframe_ui/tests/filter_tests.rs
expression: "(filter, result)"
---
(
    Filter {
        column_name: "column",
        operation: FloatCompares {
            operator: Eq,
            value: 2.0,
        },
    },
    RecordBatch {
        schema: Schema {
            fields: [
                Field {
                    name: "column",
                    data_type: List(
                        Field {
                            name: "item",
                            data_type: Float64,
                            nullable: true,
                            dict_id: 0,
                            dict_is_ordered: false,
                            metadata: {},
                        },
                    ),
                    nullable: true,
                    dict_id: 0,
                    dict_is_ordered: false,
                    metadata: {},
                },
            ],
            metadata: {},
        },
        columns: [
            ListArray
            [
              PrimitiveArray<Float64>
            [
              1.0,
              2.0,
              3.0,
            ],
              PrimitiveArray<Float64>
            [
              2.0,
            ],
              PrimitiveArray<Float64>
            [
              2.0,
              2.0,
            ],
              PrimitiveArray<Float64>
            [
              5.0,
              2.0,
              1.0,
            ],
              PrimitiveArray<Float64>
            [
              null,
              1.0,
              2.0,
              3.0,
            ],
              PrimitiveArray<Float64>
            [
              1.0,
              2.0,
              3.0,
              null,
            ],
            ],
        ],
        row_count: 6,
    },
)
