---
source: crates/viewer/re_dataframe_ui/tests/filter_tests.rs
expression: "(filter, result)"
---
(
    Filter {
        column_name: "column",
        operation: IntCompares {
            operator: Eq,
            value: 3,
        },
    },
    RecordBatch {
        schema: Schema {
            fields: [
                Field {
                    name: "column",
                    data_type: UInt16,
                    nullable: false,
                    dict_id: 0,
                    dict_is_ordered: false,
                    metadata: {},
                },
            ],
            metadata: {},
        },
        columns: [
            PrimitiveArray<UInt16>
            [
              3,
            ],
        ],
        row_count: 1,
    },
)
