---
source: crates/viewer/re_dataframe_ui/tests/filter_tests.rs
expression: "(filter, result)"
---
(
    Filter {
        column_name: "column",
        operation: BooleanEquals(
            false,
        ),
    },
    RecordBatch {
        schema: Schema {
            fields: [
                Field {
                    name: "column",
                    data_type: Boolean,
                    nullable: true,
                    dict_id: 0,
                    dict_is_ordered: false,
                    metadata: {},
                },
            ],
            metadata: {},
        },
        columns: [
            BooleanArray
            [
              false,
            ],
        ],
        row_count: 1,
    },
)
